// Jest Snapshot v1, https://goo.gl/fbAQLP

exports[`snapshot test 1`] = `
{
  "Outputs": {
    "BastionHostBastionHostIdC743CBD6": {
      "Description": "Instance ID of the bastion host. Use this to connect via SSM Session Manager",
      "Value": {
        "Ref": "BastionHost30F9ED05",
      },
    },
    "webapiEndpoint3B3FAFEB": {
      "Value": {
        "Fn::Join": [
          "",
          [
            "https://",
            {
              "Ref": "webapiFE47F609",
            },
            ".execute-api.",
            {
              "Ref": "AWS::Region",
            },
            ".",
            {
              "Ref": "AWS::URLSuffix",
            },
            "/",
            {
              "Ref": "webapiDeploymentStageprodB0DEAB38",
            },
            "/",
          ],
        ],
      },
    },
  },
  "Parameters": {
    "BootstrapVersion": {
      "Default": "/cdk-bootstrap/hnb659fds/version",
      "Description": "Version of the CDK Bootstrap resources in this environment, automatically retrieved from SSM Parameter Store. [cdk:skip]",
      "Type": "AWS::SSM::Parameter::Value<String>",
    },
    "SsmParameterValueawsserviceamiamazonlinuxlatestamzn2amihvmarm64gp2C96584B6F00A464EAD1953AFF4B05118Parameter": {
      "Default": "/aws/service/ami-amazon-linux-latest/amzn2-ami-hvm-arm64-gp2",
      "Type": "AWS::SSM::Parameter::Value<AWS::EC2::Image::Id>",
    },
  },
  "Resources": {
    "AWS679f53fac002430cb0da5b7982bd22872D164C4C": {
      "DependsOn": [
        "AWS679f53fac002430cb0da5b7982bd2287ServiceRoleC1EA0FF2",
      ],
      "Properties": {
        "Code": {
          "S3Bucket": {
            "Fn::Sub": "cdk-hnb659fds-assets-\${AWS::AccountId}-\${AWS::Region}",
          },
          "S3Key": "HASH-REPLACED.zip",
        },
        "Handler": "index.handler",
        "Role": {
          "Fn::GetAtt": [
            "AWS679f53fac002430cb0da5b7982bd2287ServiceRoleC1EA0FF2",
            "Arn",
          ],
        },
        "Runtime": "nodejs14.x",
        "Timeout": 120,
      },
      "Type": "AWS::Lambda::Function",
    },
    "AWS679f53fac002430cb0da5b7982bd2287ServiceRoleC1EA0FF2": {
      "Properties": {
        "AssumeRolePolicyDocument": {
          "Statement": [
            {
              "Action": "sts:AssumeRole",
              "Effect": "Allow",
              "Principal": {
                "Service": "lambda.amazonaws.com",
              },
            },
          ],
          "Version": "2012-10-17",
        },
        "ManagedPolicyArns": [
          {
            "Fn::Join": [
              "",
              [
                "arn:",
                {
                  "Ref": "AWS::Partition",
                },
                ":iam::aws:policy/service-role/AWSLambdaBasicExecutionRole",
              ],
            ],
          },
        ],
      },
      "Type": "AWS::IAM::Role",
    },
    "AppVpc80F1F7F9": {
      "Properties": {
        "CidrBlock": "10.0.0.0/16",
        "EnableDnsHostnames": true,
        "EnableDnsSupport": true,
        "InstanceTenancy": "default",
        "Tags": [
          {
            "Key": "Name",
            "Value": "TestStack/AppVpc",
          },
        ],
      },
      "Type": "AWS::EC2::VPC",
    },
    "AppVpcIGW826A76F0": {
      "Properties": {
        "Tags": [
          {
            "Key": "Name",
            "Value": "TestStack/AppVpc",
          },
        ],
      },
      "Type": "AWS::EC2::InternetGateway",
    },
    "AppVpcPrivateSubnet1DefaultRouteF1934EA6": {
      "Properties": {
        "DestinationCidrBlock": "0.0.0.0/0",
        "NatGatewayId": {
          "Ref": "AppVpcPublicSubnet1NATGateway0D5C928D",
        },
        "RouteTableId": {
          "Ref": "AppVpcPrivateSubnet1RouteTableEBC6D985",
        },
      },
      "Type": "AWS::EC2::Route",
    },
    "AppVpcPrivateSubnet1RouteTableAssociation96B40FF1": {
      "Properties": {
        "RouteTableId": {
          "Ref": "AppVpcPrivateSubnet1RouteTableEBC6D985",
        },
        "SubnetId": {
          "Ref": "AppVpcPrivateSubnet1Subnet191FA232",
        },
      },
      "Type": "AWS::EC2::SubnetRouteTableAssociation",
    },
    "AppVpcPrivateSubnet1RouteTableEBC6D985": {
      "Properties": {
        "Tags": [
          {
            "Key": "Name",
            "Value": "TestStack/AppVpc/PrivateSubnet1",
          },
        ],
        "VpcId": {
          "Ref": "AppVpc80F1F7F9",
        },
      },
      "Type": "AWS::EC2::RouteTable",
    },
    "AppVpcPrivateSubnet1Subnet191FA232": {
      "Properties": {
        "AvailabilityZone": {
          "Fn::Select": [
            0,
            {
              "Fn::GetAZs": "",
            },
          ],
        },
        "CidrBlock": "10.0.128.0/18",
        "MapPublicIpOnLaunch": false,
        "Tags": [
          {
            "Key": "aws-cdk:subnet-name",
            "Value": "Private",
          },
          {
            "Key": "aws-cdk:subnet-type",
            "Value": "Private",
          },
          {
            "Key": "Name",
            "Value": "TestStack/AppVpc/PrivateSubnet1",
          },
        ],
        "VpcId": {
          "Ref": "AppVpc80F1F7F9",
        },
      },
      "Type": "AWS::EC2::Subnet",
    },
    "AppVpcPrivateSubnet2DefaultRouteCBAB1884": {
      "Properties": {
        "DestinationCidrBlock": "0.0.0.0/0",
        "NatGatewayId": {
          "Ref": "AppVpcPublicSubnet2NATGatewayF1049000",
        },
        "RouteTableId": {
          "Ref": "AppVpcPrivateSubnet2RouteTableD5D563B7",
        },
      },
      "Type": "AWS::EC2::Route",
    },
    "AppVpcPrivateSubnet2RouteTableAssociationEF520DA2": {
      "Properties": {
        "RouteTableId": {
          "Ref": "AppVpcPrivateSubnet2RouteTableD5D563B7",
        },
        "SubnetId": {
          "Ref": "AppVpcPrivateSubnet2Subnet9EA093CC",
        },
      },
      "Type": "AWS::EC2::SubnetRouteTableAssociation",
    },
    "AppVpcPrivateSubnet2RouteTableD5D563B7": {
      "Properties": {
        "Tags": [
          {
            "Key": "Name",
            "Value": "TestStack/AppVpc/PrivateSubnet2",
          },
        ],
        "VpcId": {
          "Ref": "AppVpc80F1F7F9",
        },
      },
      "Type": "AWS::EC2::RouteTable",
    },
    "AppVpcPrivateSubnet2Subnet9EA093CC": {
      "Properties": {
        "AvailabilityZone": {
          "Fn::Select": [
            1,
            {
              "Fn::GetAZs": "",
            },
          ],
        },
        "CidrBlock": "10.0.192.0/18",
        "MapPublicIpOnLaunch": false,
        "Tags": [
          {
            "Key": "aws-cdk:subnet-name",
            "Value": "Private",
          },
          {
            "Key": "aws-cdk:subnet-type",
            "Value": "Private",
          },
          {
            "Key": "Name",
            "Value": "TestStack/AppVpc/PrivateSubnet2",
          },
        ],
        "VpcId": {
          "Ref": "AppVpc80F1F7F9",
        },
      },
      "Type": "AWS::EC2::Subnet",
    },
    "AppVpcPublicSubnet1DefaultRouteC1B28749": {
      "DependsOn": [
        "AppVpcVPCGW1D33210A",
      ],
      "Properties": {
        "DestinationCidrBlock": "0.0.0.0/0",
        "GatewayId": {
          "Ref": "AppVpcIGW826A76F0",
        },
        "RouteTableId": {
          "Ref": "AppVpcPublicSubnet1RouteTable96CCB335",
        },
      },
      "Type": "AWS::EC2::Route",
    },
    "AppVpcPublicSubnet1EIPF0BFE5AB": {
      "Properties": {
        "Domain": "vpc",
        "Tags": [
          {
            "Key": "Name",
            "Value": "TestStack/AppVpc/PublicSubnet1",
          },
        ],
      },
      "Type": "AWS::EC2::EIP",
    },
    "AppVpcPublicSubnet1NATGateway0D5C928D": {
      "DependsOn": [
        "AppVpcPublicSubnet1DefaultRouteC1B28749",
        "AppVpcPublicSubnet1RouteTableAssociationAFB11A1C",
      ],
      "Properties": {
        "AllocationId": {
          "Fn::GetAtt": [
            "AppVpcPublicSubnet1EIPF0BFE5AB",
            "AllocationId",
          ],
        },
        "SubnetId": {
          "Ref": "AppVpcPublicSubnet1SubnetDD9E0A08",
        },
        "Tags": [
          {
            "Key": "Name",
            "Value": "TestStack/AppVpc/PublicSubnet1",
          },
        ],
      },
      "Type": "AWS::EC2::NatGateway",
    },
    "AppVpcPublicSubnet1RouteTable96CCB335": {
      "Properties": {
        "Tags": [
          {
            "Key": "Name",
            "Value": "TestStack/AppVpc/PublicSubnet1",
          },
        ],
        "VpcId": {
          "Ref": "AppVpc80F1F7F9",
        },
      },
      "Type": "AWS::EC2::RouteTable",
    },
    "AppVpcPublicSubnet1RouteTableAssociationAFB11A1C": {
      "Properties": {
        "RouteTableId": {
          "Ref": "AppVpcPublicSubnet1RouteTable96CCB335",
        },
        "SubnetId": {
          "Ref": "AppVpcPublicSubnet1SubnetDD9E0A08",
        },
      },
      "Type": "AWS::EC2::SubnetRouteTableAssociation",
    },
    "AppVpcPublicSubnet1SubnetDD9E0A08": {
      "Properties": {
        "AvailabilityZone": {
          "Fn::Select": [
            0,
            {
              "Fn::GetAZs": "",
            },
          ],
        },
        "CidrBlock": "10.0.0.0/18",
        "MapPublicIpOnLaunch": true,
        "Tags": [
          {
            "Key": "aws-cdk:subnet-name",
            "Value": "Public",
          },
          {
            "Key": "aws-cdk:subnet-type",
            "Value": "Public",
          },
          {
            "Key": "Name",
            "Value": "TestStack/AppVpc/PublicSubnet1",
          },
        ],
        "VpcId": {
          "Ref": "AppVpc80F1F7F9",
        },
      },
      "Type": "AWS::EC2::Subnet",
    },
    "AppVpcPublicSubnet2DefaultRoute66E67257": {
      "DependsOn": [
        "AppVpcVPCGW1D33210A",
      ],
      "Properties": {
        "DestinationCidrBlock": "0.0.0.0/0",
        "GatewayId": {
          "Ref": "AppVpcIGW826A76F0",
        },
        "RouteTableId": {
          "Ref": "AppVpcPublicSubnet2RouteTable961D28F7",
        },
      },
      "Type": "AWS::EC2::Route",
    },
    "AppVpcPublicSubnet2EIPB481EFAF": {
      "Properties": {
        "Domain": "vpc",
        "Tags": [
          {
            "Key": "Name",
            "Value": "TestStack/AppVpc/PublicSubnet2",
          },
        ],
      },
      "Type": "AWS::EC2::EIP",
    },
    "AppVpcPublicSubnet2NATGatewayF1049000": {
      "DependsOn": [
        "AppVpcPublicSubnet2DefaultRoute66E67257",
        "AppVpcPublicSubnet2RouteTableAssociationD784754F",
      ],
      "Properties": {
        "AllocationId": {
          "Fn::GetAtt": [
            "AppVpcPublicSubnet2EIPB481EFAF",
            "AllocationId",
          ],
        },
        "SubnetId": {
          "Ref": "AppVpcPublicSubnet2SubnetDFE2ABB8",
        },
        "Tags": [
          {
            "Key": "Name",
            "Value": "TestStack/AppVpc/PublicSubnet2",
          },
        ],
      },
      "Type": "AWS::EC2::NatGateway",
    },
    "AppVpcPublicSubnet2RouteTable961D28F7": {
      "Properties": {
        "Tags": [
          {
            "Key": "Name",
            "Value": "TestStack/AppVpc/PublicSubnet2",
          },
        ],
        "VpcId": {
          "Ref": "AppVpc80F1F7F9",
        },
      },
      "Type": "AWS::EC2::RouteTable",
    },
    "AppVpcPublicSubnet2RouteTableAssociationD784754F": {
      "Properties": {
        "RouteTableId": {
          "Ref": "AppVpcPublicSubnet2RouteTable961D28F7",
        },
        "SubnetId": {
          "Ref": "AppVpcPublicSubnet2SubnetDFE2ABB8",
        },
      },
      "Type": "AWS::EC2::SubnetRouteTableAssociation",
    },
    "AppVpcPublicSubnet2SubnetDFE2ABB8": {
      "Properties": {
        "AvailabilityZone": {
          "Fn::Select": [
            1,
            {
              "Fn::GetAZs": "",
            },
          ],
        },
        "CidrBlock": "10.0.64.0/18",
        "MapPublicIpOnLaunch": true,
        "Tags": [
          {
            "Key": "aws-cdk:subnet-name",
            "Value": "Public",
          },
          {
            "Key": "aws-cdk:subnet-type",
            "Value": "Public",
          },
          {
            "Key": "Name",
            "Value": "TestStack/AppVpc/PublicSubnet2",
          },
        ],
        "VpcId": {
          "Ref": "AppVpc80F1F7F9",
        },
      },
      "Type": "AWS::EC2::Subnet",
    },
    "AppVpcVPCGW1D33210A": {
      "Properties": {
        "InternetGatewayId": {
          "Ref": "AppVpcIGW826A76F0",
        },
        "VpcId": {
          "Ref": "AppVpc80F1F7F9",
        },
      },
      "Type": "AWS::EC2::VPCGatewayAttachment",
    },
    "BackendLambdaRole563BEADE": {
      "Properties": {
        "AssumeRolePolicyDocument": {
          "Statement": [
            {
              "Action": "sts:AssumeRole",
              "Effect": "Allow",
              "Principal": {
                "Service": "lambda.amazonaws.com",
              },
            },
          ],
          "Version": "2012-10-17",
        },
        "ManagedPolicyArns": [
          {
            "Fn::Join": [
              "",
              [
                "arn:",
                {
                  "Ref": "AWS::Partition",
                },
                ":iam::aws:policy/service-role/AWSLambdaVPCAccessExecutionRole",
              ],
            ],
          },
        ],
      },
      "Type": "AWS::IAM::Role",
    },
    "BastionHost30F9ED05": {
      "DependsOn": [
        "BastionHostInstanceRoleDefaultPolicy17347525",
        "BastionHostInstanceRoleDD3FA5F1",
      ],
      "Properties": {
        "AvailabilityZone": {
          "Fn::Select": [
            0,
            {
              "Fn::GetAZs": "",
            },
          ],
        },
        "IamInstanceProfile": {
          "Ref": "BastionHostInstanceProfile770FCA07",
        },
        "ImageId": {
          "Ref": "SsmParameterValueawsserviceamiamazonlinuxlatestamzn2amihvmarm64gp2C96584B6F00A464EAD1953AFF4B05118Parameter",
        },
        "InstanceType": "t4g.micro",
        "SecurityGroupIds": [
          {
            "Fn::GetAtt": [
              "BastionHostInstanceSecurityGroupE75D4274",
              "GroupId",
            ],
          },
        ],
        "SubnetId": {
          "Ref": "AppVpcPrivateSubnet1Subnet191FA232",
        },
        "Tags": [
          {
            "Key": "Name",
            "Value": "BastionHost",
          },
        ],
        "UserData": {
          "Fn::Base64": "#!/bin/bash",
        },
      },
      "Type": "AWS::EC2::Instance",
    },
    "BastionHostInstanceProfile770FCA07": {
      "Properties": {
        "Roles": [
          {
            "Ref": "BastionHostInstanceRoleDD3FA5F1",
          },
        ],
      },
      "Type": "AWS::IAM::InstanceProfile",
    },
    "BastionHostInstanceRoleDD3FA5F1": {
      "Properties": {
        "AssumeRolePolicyDocument": {
          "Statement": [
            {
              "Action": "sts:AssumeRole",
              "Effect": "Allow",
              "Principal": {
                "Service": "ec2.amazonaws.com",
              },
            },
          ],
          "Version": "2012-10-17",
        },
        "Tags": [
          {
            "Key": "Name",
            "Value": "BastionHost",
          },
        ],
      },
      "Type": "AWS::IAM::Role",
    },
    "BastionHostInstanceRoleDefaultPolicy17347525": {
      "Properties": {
        "PolicyDocument": {
          "Statement": [
            {
              "Action": [
                "ssmmessages:*",
                "ssm:UpdateInstanceInformation",
                "ec2messages:*",
              ],
              "Effect": "Allow",
              "Resource": "*",
            },
          ],
          "Version": "2012-10-17",
        },
        "PolicyName": "BastionHostInstanceRoleDefaultPolicy17347525",
        "Roles": [
          {
            "Ref": "BastionHostInstanceRoleDD3FA5F1",
          },
        ],
      },
      "Type": "AWS::IAM::Policy",
    },
    "BastionHostInstanceSecurityGroupE75D4274": {
      "Properties": {
        "GroupDescription": "TestStack/BastionHost/Resource/InstanceSecurityGroup",
        "SecurityGroupEgress": [
          {
            "CidrIp": "0.0.0.0/0",
            "Description": "Allow all outbound traffic by default",
            "IpProtocol": "-1",
          },
        ],
        "Tags": [
          {
            "Key": "Name",
            "Value": "BastionHost",
          },
        ],
        "VpcId": {
          "Ref": "AppVpc80F1F7F9",
        },
      },
      "Type": "AWS::EC2::SecurityGroup",
    },
    "CognitoActionForBackend105578C4": {
      "Properties": {
        "PolicyDocument": {
          "Statement": [
            {
              "Action": "cognito-idp:*",
              "Effect": "Allow",
              "Resource": {
                "Fn::GetAtt": [
                  "UserPool6BA7E5F2",
                  "Arn",
                ],
              },
            },
          ],
          "Version": "2012-10-17",
        },
        "PolicyName": "CognitoActionForBackend105578C4",
        "Roles": [
          {
            "Ref": "BackendLambdaRole563BEADE",
          },
        ],
      },
      "Type": "AWS::IAM::Policy",
    },
    "FastifyAppLambda6A8D8BC0": {
      "DependsOn": [
        "BackendLambdaRole563BEADE",
      ],
      "Properties": {
        "Code": {
          "S3Bucket": {
            "Fn::Sub": "cdk-hnb659fds-assets-\${AWS::AccountId}-\${AWS::Region}",
          },
          "S3Key": "HASH-REPLACED.zip",
        },
        "Environment": {
          "Variables": {
            "AWS_NODEJS_CONNECTION_REUSE_ENABLED": "1",
            "USERPOOL_CLIENT_ID": {
              "Ref": "UserPoolappclientE1BF3384",
            },
            "USERPOOL_CLIENT_SECRET": {
              "Fn::GetAtt": [
                "UserPoolappclientDescribeCognitoUserPoolClientF7AACFA5",
                "UserPoolClient.ClientSecret",
              ],
            },
            "USERPOOL_ID": {
              "Ref": "UserPool6BA7E5F2",
            },
          },
        },
        "Handler": "index.handler",
        "Role": {
          "Fn::GetAtt": [
            "BackendLambdaRole563BEADE",
            "Arn",
          ],
        },
        "Runtime": "nodejs18.x",
      },
      "Type": "AWS::Lambda::Function",
    },
    "UserPool6BA7E5F2": {
      "DeletionPolicy": "Retain",
      "Properties": {
        "AccountRecoverySetting": {
          "RecoveryMechanisms": [
            {
              "Name": "verified_phone_number",
              "Priority": 1,
            },
            {
              "Name": "verified_email",
              "Priority": 2,
            },
          ],
        },
        "AdminCreateUserConfig": {
          "AllowAdminCreateUserOnly": true,
        },
        "EmailVerificationMessage": "The verification code to your new account is {####}",
        "EmailVerificationSubject": "Verify your new account",
        "LambdaConfig": {
          "PreTokenGeneration": {
            "Fn::GetAtt": [
              "preTokenGenerationLambda1F130400",
              "Arn",
            ],
          },
        },
        "SmsVerificationMessage": "The verification code to your new account is {####}",
        "VerificationMessageTemplate": {
          "DefaultEmailOption": "CONFIRM_WITH_CODE",
          "EmailMessage": "The verification code to your new account is {####}",
          "EmailSubject": "Verify your new account",
          "SmsMessage": "The verification code to your new account is {####}",
        },
      },
      "Type": "AWS::Cognito::UserPool",
      "UpdateReplacePolicy": "Retain",
    },
    "UserPoolPreTokenGenerationCognito84D0CADA": {
      "Properties": {
        "Action": "lambda:InvokeFunction",
        "FunctionName": {
          "Fn::GetAtt": [
            "preTokenGenerationLambda1F130400",
            "Arn",
          ],
        },
        "Principal": "cognito-idp.amazonaws.com",
        "SourceArn": {
          "Fn::GetAtt": [
            "UserPool6BA7E5F2",
            "Arn",
          ],
        },
      },
      "Type": "AWS::Lambda::Permission",
    },
    "UserPoolappclientDescribeCognitoUserPoolClientCustomResourcePolicy40F445CE": {
      "Properties": {
        "PolicyDocument": {
          "Statement": [
            {
              "Action": "cognito-idp:DescribeUserPoolClient",
              "Effect": "Allow",
              "Resource": {
                "Fn::GetAtt": [
                  "UserPool6BA7E5F2",
                  "Arn",
                ],
              },
            },
          ],
          "Version": "2012-10-17",
        },
        "PolicyName": "UserPoolappclientDescribeCognitoUserPoolClientCustomResourcePolicy40F445CE",
        "Roles": [
          {
            "Ref": "AWS679f53fac002430cb0da5b7982bd2287ServiceRoleC1EA0FF2",
          },
        ],
      },
      "Type": "AWS::IAM::Policy",
    },
    "UserPoolappclientDescribeCognitoUserPoolClientF7AACFA5": {
      "DeletionPolicy": "Delete",
      "DependsOn": [
        "UserPoolappclientDescribeCognitoUserPoolClientCustomResourcePolicy40F445CE",
      ],
      "Properties": {
        "Create": {
          "Fn::Join": [
            "",
            [
              "{"region":"",
              {
                "Ref": "AWS::Region",
              },
              "","service":"CognitoIdentityServiceProvider","action":"describeUserPoolClient","parameters":{"UserPoolId":"",
              {
                "Ref": "UserPool6BA7E5F2",
              },
              "","ClientId":"",
              {
                "Ref": "UserPoolappclientE1BF3384",
              },
              ""},"physicalResourceId":{"id":"",
              {
                "Ref": "UserPoolappclientE1BF3384",
              },
              ""}}",
            ],
          ],
        },
        "InstallLatestAwsSdk": false,
        "ServiceToken": {
          "Fn::GetAtt": [
            "AWS679f53fac002430cb0da5b7982bd22872D164C4C",
            "Arn",
          ],
        },
      },
      "Type": "Custom::DescribeCognitoUserPoolClient",
      "UpdateReplacePolicy": "Delete",
    },
    "UserPoolappclientE1BF3384": {
      "Properties": {
        "AllowedOAuthFlows": [
          "code",
        ],
        "AllowedOAuthFlowsUserPoolClient": true,
        "AllowedOAuthScopes": [
          "openid",
        ],
        "CallbackURLs": [
          "https://example.com",
        ],
        "ExplicitAuthFlows": [
          "ALLOW_ADMIN_USER_PASSWORD_AUTH",
          "ALLOW_REFRESH_TOKEN_AUTH",
        ],
        "GenerateSecret": true,
        "RefreshTokenValidity": 120,
        "SupportedIdentityProviders": [
          "COGNITO",
        ],
        "TokenValidityUnits": {
          "RefreshToken": "minutes",
        },
        "UserPoolId": {
          "Ref": "UserPool6BA7E5F2",
        },
      },
      "Type": "AWS::Cognito::UserPoolClient",
    },
    "cognitoAuthorizer9878DCCA": {
      "Properties": {
        "IdentitySource": "method.request.header.Authorization",
        "Name": "TestStackcognitoAuthorizer0B998B55",
        "ProviderARNs": [
          {
            "Fn::GetAtt": [
              "UserPool6BA7E5F2",
              "Arn",
            ],
          },
        ],
        "RestApiId": {
          "Ref": "webapiFE47F609",
        },
        "Type": "COGNITO_USER_POOLS",
      },
      "Type": "AWS::ApiGateway::Authorizer",
    },
    "hello26396490": {
      "DependsOn": [
        "helloServiceRole353607D3",
      ],
      "Properties": {
        "Code": {
          "S3Bucket": {
            "Fn::Sub": "cdk-hnb659fds-assets-\${AWS::AccountId}-\${AWS::Region}",
          },
          "S3Key": "HASH-REPLACED.zip",
        },
        "Environment": {
          "Variables": {
            "AWS_NODEJS_CONNECTION_REUSE_ENABLED": "1",
          },
        },
        "Handler": "index.lambdaHandler",
        "Role": {
          "Fn::GetAtt": [
            "helloServiceRole353607D3",
            "Arn",
          ],
        },
        "Runtime": "nodejs18.x",
      },
      "Type": "AWS::Lambda::Function",
    },
    "helloServiceRole353607D3": {
      "Properties": {
        "AssumeRolePolicyDocument": {
          "Statement": [
            {
              "Action": "sts:AssumeRole",
              "Effect": "Allow",
              "Principal": {
                "Service": "lambda.amazonaws.com",
              },
            },
          ],
          "Version": "2012-10-17",
        },
        "ManagedPolicyArns": [
          {
            "Fn::Join": [
              "",
              [
                "arn:",
                {
                  "Ref": "AWS::Partition",
                },
                ":iam::aws:policy/service-role/AWSLambdaBasicExecutionRole",
              ],
            ],
          },
        ],
      },
      "Type": "AWS::IAM::Role",
    },
    "preTokenGenerationLambda1F130400": {
      "DependsOn": [
        "preTokenGenerationLambdaServiceRole0C3B4FA0",
      ],
      "Properties": {
        "Code": {
          "S3Bucket": {
            "Fn::Sub": "cdk-hnb659fds-assets-\${AWS::AccountId}-\${AWS::Region}",
          },
          "S3Key": "HASH-REPLACED.zip",
        },
        "Environment": {
          "Variables": {
            "AWS_NODEJS_CONNECTION_REUSE_ENABLED": "1",
          },
        },
        "Handler": "index.lambdaHandler",
        "Role": {
          "Fn::GetAtt": [
            "preTokenGenerationLambdaServiceRole0C3B4FA0",
            "Arn",
          ],
        },
        "Runtime": "nodejs18.x",
      },
      "Type": "AWS::Lambda::Function",
    },
    "preTokenGenerationLambdaServiceRole0C3B4FA0": {
      "Properties": {
        "AssumeRolePolicyDocument": {
          "Statement": [
            {
              "Action": "sts:AssumeRole",
              "Effect": "Allow",
              "Principal": {
                "Service": "lambda.amazonaws.com",
              },
            },
          ],
          "Version": "2012-10-17",
        },
        "ManagedPolicyArns": [
          {
            "Fn::Join": [
              "",
              [
                "arn:",
                {
                  "Ref": "AWS::Partition",
                },
                ":iam::aws:policy/service-role/AWSLambdaBasicExecutionRole",
              ],
            ],
          },
        ],
      },
      "Type": "AWS::IAM::Role",
    },
    "webapiAccount1B71C2D2": {
      "DeletionPolicy": "Retain",
      "DependsOn": [
        "webapiFE47F609",
      ],
      "Properties": {
        "CloudWatchRoleArn": {
          "Fn::GetAtt": [
            "webapiCloudWatchRole64394164",
            "Arn",
          ],
        },
      },
      "Type": "AWS::ApiGateway::Account",
      "UpdateReplacePolicy": "Retain",
    },
    "webapiCloudWatchRole64394164": {
      "DeletionPolicy": "Retain",
      "Properties": {
        "AssumeRolePolicyDocument": {
          "Statement": [
            {
              "Action": "sts:AssumeRole",
              "Effect": "Allow",
              "Principal": {
                "Service": "apigateway.amazonaws.com",
              },
            },
          ],
          "Version": "2012-10-17",
        },
        "ManagedPolicyArns": [
          {
            "Fn::Join": [
              "",
              [
                "arn:",
                {
                  "Ref": "AWS::Partition",
                },
                ":iam::aws:policy/service-role/AmazonAPIGatewayPushToCloudWatchLogs",
              ],
            ],
          },
        ],
      },
      "Type": "AWS::IAM::Role",
      "UpdateReplacePolicy": "Retain",
    },
    "webapiDeployment17CB508015bef445cc8519b3df9c1fa0a49472ee": {
      "DependsOn": [
        "webapiproxyANY43102169",
        "webapiproxy467AA9A9",
        "webapiauthauthenticatePOSTF9712CA8",
        "webapiauthauthenticateCE42AC78",
        "webapiauth847B52B1",
        "webapihelloGETAAA8CA38",
        "webapihelloBB51E2BE",
      ],
      "Properties": {
        "Description": "Automatically created by the RestApi construct",
        "RestApiId": {
          "Ref": "webapiFE47F609",
        },
      },
      "Type": "AWS::ApiGateway::Deployment",
    },
    "webapiDeploymentStageprodB0DEAB38": {
      "DependsOn": [
        "webapiAccount1B71C2D2",
      ],
      "Properties": {
        "DeploymentId": {
          "Ref": "webapiDeployment17CB508015bef445cc8519b3df9c1fa0a49472ee",
        },
        "RestApiId": {
          "Ref": "webapiFE47F609",
        },
        "StageName": "prod",
      },
      "Type": "AWS::ApiGateway::Stage",
    },
    "webapiFE47F609": {
      "Properties": {
        "Name": "test-webapi",
      },
      "Type": "AWS::ApiGateway::RestApi",
    },
    "webapiauth847B52B1": {
      "Properties": {
        "ParentId": {
          "Fn::GetAtt": [
            "webapiFE47F609",
            "RootResourceId",
          ],
        },
        "PathPart": "auth",
        "RestApiId": {
          "Ref": "webapiFE47F609",
        },
      },
      "Type": "AWS::ApiGateway::Resource",
    },
    "webapiauthauthenticateCE42AC78": {
      "Properties": {
        "ParentId": {
          "Ref": "webapiauth847B52B1",
        },
        "PathPart": "authenticate",
        "RestApiId": {
          "Ref": "webapiFE47F609",
        },
      },
      "Type": "AWS::ApiGateway::Resource",
    },
    "webapiauthauthenticatePOSTApiPermissionTestStackwebapi752F84DBPOSTauthauthenticateE30576D1": {
      "Properties": {
        "Action": "lambda:InvokeFunction",
        "FunctionName": {
          "Fn::GetAtt": [
            "FastifyAppLambda6A8D8BC0",
            "Arn",
          ],
        },
        "Principal": "apigateway.amazonaws.com",
        "SourceArn": {
          "Fn::Join": [
            "",
            [
              "arn:",
              {
                "Ref": "AWS::Partition",
              },
              ":execute-api:",
              {
                "Ref": "AWS::Region",
              },
              ":",
              {
                "Ref": "AWS::AccountId",
              },
              ":",
              {
                "Ref": "webapiFE47F609",
              },
              "/",
              {
                "Ref": "webapiDeploymentStageprodB0DEAB38",
              },
              "/POST/auth/authenticate",
            ],
          ],
        },
      },
      "Type": "AWS::Lambda::Permission",
    },
    "webapiauthauthenticatePOSTApiPermissionTestTestStackwebapi752F84DBPOSTauthauthenticate4DC0C73F": {
      "Properties": {
        "Action": "lambda:InvokeFunction",
        "FunctionName": {
          "Fn::GetAtt": [
            "FastifyAppLambda6A8D8BC0",
            "Arn",
          ],
        },
        "Principal": "apigateway.amazonaws.com",
        "SourceArn": {
          "Fn::Join": [
            "",
            [
              "arn:",
              {
                "Ref": "AWS::Partition",
              },
              ":execute-api:",
              {
                "Ref": "AWS::Region",
              },
              ":",
              {
                "Ref": "AWS::AccountId",
              },
              ":",
              {
                "Ref": "webapiFE47F609",
              },
              "/test-invoke-stage/POST/auth/authenticate",
            ],
          ],
        },
      },
      "Type": "AWS::Lambda::Permission",
    },
    "webapiauthauthenticatePOSTF9712CA8": {
      "Properties": {
        "AuthorizationType": "NONE",
        "HttpMethod": "POST",
        "Integration": {
          "IntegrationHttpMethod": "POST",
          "Type": "AWS_PROXY",
          "Uri": {
            "Fn::Join": [
              "",
              [
                "arn:",
                {
                  "Ref": "AWS::Partition",
                },
                ":apigateway:",
                {
                  "Ref": "AWS::Region",
                },
                ":lambda:path/2015-03-31/functions/",
                {
                  "Fn::GetAtt": [
                    "FastifyAppLambda6A8D8BC0",
                    "Arn",
                  ],
                },
                "/invocations",
              ],
            ],
          },
        },
        "ResourceId": {
          "Ref": "webapiauthauthenticateCE42AC78",
        },
        "RestApiId": {
          "Ref": "webapiFE47F609",
        },
      },
      "Type": "AWS::ApiGateway::Method",
    },
    "webapihelloBB51E2BE": {
      "Properties": {
        "ParentId": {
          "Fn::GetAtt": [
            "webapiFE47F609",
            "RootResourceId",
          ],
        },
        "PathPart": "hello",
        "RestApiId": {
          "Ref": "webapiFE47F609",
        },
      },
      "Type": "AWS::ApiGateway::Resource",
    },
    "webapihelloGETAAA8CA38": {
      "Properties": {
        "AuthorizationType": "NONE",
        "HttpMethod": "GET",
        "Integration": {
          "IntegrationHttpMethod": "POST",
          "Type": "AWS_PROXY",
          "Uri": {
            "Fn::Join": [
              "",
              [
                "arn:",
                {
                  "Ref": "AWS::Partition",
                },
                ":apigateway:",
                {
                  "Ref": "AWS::Region",
                },
                ":lambda:path/2015-03-31/functions/",
                {
                  "Fn::GetAtt": [
                    "hello26396490",
                    "Arn",
                  ],
                },
                "/invocations",
              ],
            ],
          },
        },
        "ResourceId": {
          "Ref": "webapihelloBB51E2BE",
        },
        "RestApiId": {
          "Ref": "webapiFE47F609",
        },
      },
      "Type": "AWS::ApiGateway::Method",
    },
    "webapihelloGETApiPermissionTestStackwebapi752F84DBGEThelloA49C3158": {
      "Properties": {
        "Action": "lambda:InvokeFunction",
        "FunctionName": {
          "Fn::GetAtt": [
            "hello26396490",
            "Arn",
          ],
        },
        "Principal": "apigateway.amazonaws.com",
        "SourceArn": {
          "Fn::Join": [
            "",
            [
              "arn:",
              {
                "Ref": "AWS::Partition",
              },
              ":execute-api:",
              {
                "Ref": "AWS::Region",
              },
              ":",
              {
                "Ref": "AWS::AccountId",
              },
              ":",
              {
                "Ref": "webapiFE47F609",
              },
              "/",
              {
                "Ref": "webapiDeploymentStageprodB0DEAB38",
              },
              "/GET/hello",
            ],
          ],
        },
      },
      "Type": "AWS::Lambda::Permission",
    },
    "webapihelloGETApiPermissionTestTestStackwebapi752F84DBGEThello865FA198": {
      "Properties": {
        "Action": "lambda:InvokeFunction",
        "FunctionName": {
          "Fn::GetAtt": [
            "hello26396490",
            "Arn",
          ],
        },
        "Principal": "apigateway.amazonaws.com",
        "SourceArn": {
          "Fn::Join": [
            "",
            [
              "arn:",
              {
                "Ref": "AWS::Partition",
              },
              ":execute-api:",
              {
                "Ref": "AWS::Region",
              },
              ":",
              {
                "Ref": "AWS::AccountId",
              },
              ":",
              {
                "Ref": "webapiFE47F609",
              },
              "/test-invoke-stage/GET/hello",
            ],
          ],
        },
      },
      "Type": "AWS::Lambda::Permission",
    },
    "webapiproxy467AA9A9": {
      "Properties": {
        "ParentId": {
          "Fn::GetAtt": [
            "webapiFE47F609",
            "RootResourceId",
          ],
        },
        "PathPart": "{proxy+}",
        "RestApiId": {
          "Ref": "webapiFE47F609",
        },
      },
      "Type": "AWS::ApiGateway::Resource",
    },
    "webapiproxyANY43102169": {
      "Properties": {
        "AuthorizationType": "COGNITO_USER_POOLS",
        "AuthorizerId": {
          "Ref": "cognitoAuthorizer9878DCCA",
        },
        "HttpMethod": "ANY",
        "Integration": {
          "IntegrationHttpMethod": "POST",
          "Type": "AWS_PROXY",
          "Uri": {
            "Fn::Join": [
              "",
              [
                "arn:",
                {
                  "Ref": "AWS::Partition",
                },
                ":apigateway:",
                {
                  "Ref": "AWS::Region",
                },
                ":lambda:path/2015-03-31/functions/",
                {
                  "Fn::GetAtt": [
                    "FastifyAppLambda6A8D8BC0",
                    "Arn",
                  ],
                },
                "/invocations",
              ],
            ],
          },
        },
        "ResourceId": {
          "Ref": "webapiproxy467AA9A9",
        },
        "RestApiId": {
          "Ref": "webapiFE47F609",
        },
      },
      "Type": "AWS::ApiGateway::Method",
    },
    "webapiproxyANYApiPermissionTestStackwebapi752F84DBANYproxy69F63C88": {
      "Properties": {
        "Action": "lambda:InvokeFunction",
        "FunctionName": {
          "Fn::GetAtt": [
            "FastifyAppLambda6A8D8BC0",
            "Arn",
          ],
        },
        "Principal": "apigateway.amazonaws.com",
        "SourceArn": {
          "Fn::Join": [
            "",
            [
              "arn:",
              {
                "Ref": "AWS::Partition",
              },
              ":execute-api:",
              {
                "Ref": "AWS::Region",
              },
              ":",
              {
                "Ref": "AWS::AccountId",
              },
              ":",
              {
                "Ref": "webapiFE47F609",
              },
              "/",
              {
                "Ref": "webapiDeploymentStageprodB0DEAB38",
              },
              "/*/*",
            ],
          ],
        },
      },
      "Type": "AWS::Lambda::Permission",
    },
    "webapiproxyANYApiPermissionTestTestStackwebapi752F84DBANYproxy9035F1CE": {
      "Properties": {
        "Action": "lambda:InvokeFunction",
        "FunctionName": {
          "Fn::GetAtt": [
            "FastifyAppLambda6A8D8BC0",
            "Arn",
          ],
        },
        "Principal": "apigateway.amazonaws.com",
        "SourceArn": {
          "Fn::Join": [
            "",
            [
              "arn:",
              {
                "Ref": "AWS::Partition",
              },
              ":execute-api:",
              {
                "Ref": "AWS::Region",
              },
              ":",
              {
                "Ref": "AWS::AccountId",
              },
              ":",
              {
                "Ref": "webapiFE47F609",
              },
              "/test-invoke-stage/*/*",
            ],
          ],
        },
      },
      "Type": "AWS::Lambda::Permission",
    },
  },
  "Rules": {
    "CheckBootstrapVersion": {
      "Assertions": [
        {
          "Assert": {
            "Fn::Not": [
              {
                "Fn::Contains": [
                  [
                    "1",
                    "2",
                    "3",
                    "4",
                    "5",
                  ],
                  {
                    "Ref": "BootstrapVersion",
                  },
                ],
              },
            ],
          },
          "AssertDescription": "CDK bootstrap stack version 6 required. Please run 'cdk bootstrap' with a recent version of the CDK CLI.",
        },
      ],
    },
  },
}
`;
